src/app/navigation/page.tsx(6,17): error TS2307: Cannot find module '../../components/Map' or its corresponding type declarations.
